; mapping file for AA_glycan_Dodero21.v1
rename OP1 O1P 
rename OP2 O2P 
rename OP3 O3P 
rename C1' C1* 
rename C2' C2* 
rename C3' C3* 
rename C4' C4* 
rename C5' C5* 
rename O2' O2* 
rename O3' O3* 
rename O4' O4* 
rename O5' O5* 
residue A C1* C2 C2* C3* C4 C4* C5 C5* C6 C8 N1 N3 N6 N7 N9 O1P O2* O2P O3* O4* O5* P
residue A0P C1* C2 C2* C3* C4 C4* C5 C5* C6 C8 N1 N3 N6 N7 N9 O2* O3* O4* O5*
residue A5 C1* C2 C2* C3* C4 C4* C5 C5* C6 C8 N1 N3 N6 N7 N9 O1P O2* O2P O3* O3P O4* O5* P
residue AFU C1 C2 C3 C4 C5 C6 O2 O3 O4 O5
residue ALA C CA CB N O
residue ALAT C CA CB N (O O1) (OXT O2)
residue AMA C1 C2 C3 C4 C5 C6 O2 O3 O4 O5 O6
residue ANE C C1 C2 C3 C4 C5 C6 C7 C8 C9 CT N O O11 O12 O4 O6 O7 O8 O9
residue ARG C CA CB CD CG CZ N NE NH1 NH2 O
residue ARGT C CA CB CD CG CZ N NE NH1 NH2 (O O1) (OXT O2)
residue ASN C CA CB CG N ND2 O OD1
residue ASNT C CA CB CG N ND2 (O O1) OD1 (OXT O2)
residue ASP C CA CB CG N O OD1 OD2
residue ASPT C CA CB CG N (O O1) OD1 OD2 (OXT O2)
residue BGL C C1 C2 C3 C4 C5 C6 CT N O O3 O4 O5 O6
residue BMG BMG
residue C C1* C2 C2* C3* C4 C4* C5 C5* C6 N1 N3 N4 O1P O2 O2* O2P O3* O4* O5* P
residue C0P C1* C2 C2* C3* C4 C4* C5 C5* C6 N1 N3 N4 O2 O2* O3* O4* O5*
residue C5 C1* C2 C2* C3* C4 C4* C5 C5* C6 N1 N3 N4 O1P O2 O2* O2P O3* O3P O4* O5* P
residue CYS C CA CB N O SG
residue CYST C CA CB N (O O1) (OXT O2) SG
residue DA C1* C2 C2* C3* C4 C4* C5 C5* C6 C8 N1 N3 N6 N7 N9 O1P O2P O3* O4* O5* P
residue DA0P C1* C2 C2* C3* C4 C4* C5 C5* C6 C8 N1 N3 N6 N7 N9 O3* O4* O5*
residue DC C1* C2 C2* C3* C4 C4* C5 C5* C6 N1 N3 N4 O1P O2 O2P O3* O4* O5* P
residue DC0P C1* C2 C2* C3* C4 C4* C5 C5* C6 N1 N3 N4 O2 O3* O4* O5*
residue DG C1* C2 C2* C3* C4 C4* C5 C5* C6 C8 N1 N2 N3 N7 N9 O1P O2P O3* O4* O5* O6 P
residue DG0P C1* C2 C2* C3* C4 C4* C5 C5* C6 C8 N1 N2 N3 N7 N9 O3* O4* O5* O6
residue DT C1* C2 C2* C3* C4 C4* C5 C5* C6 C7 N1 N3 O1P O2 O2P O3* O4 O4* O5* P
residue DT0P C1* C2 C2* C3* C4 C4* C5 C5* C6 C7 N1 N3 O2 O3* O4 O4* O5*
residue G C1* C2 C2* C3* C4 C4* C5 C5* C6 C8 N1 N2 N3 N7 N9 O1P O2* O2P O3* O4* O5* O6 P
residue G0P C1* C2 C2* C3* C4 C4* C5 C5* C6 C8 N1 N2 N3 N7 N9 O2* O3* O4* O5* O6
residue G5 C1* C2 C2* C3* C4 C4* C5 C5* C6 C8 N1 N2 N3 N7 N9 O1P O2* O2P O3* O3P O4* O5* O6 P
residue GDP C1* C2 C2* C3* C4 C4* C5 C5* C6 C8 N1 N2 N3 N7 N9 O1A O1B O2* O2A O2B O3* O3A O3B O4* O5* O6 PA PB
residue GLN C CA CB CD CG N NE2 O OE1
residue GLNT C CA CB CD CG N NE2 (O O1) OE1 (OXT O2)
residue GLU C CA CB CD CG N O OE1 OE2
residue GLUT C CA CB CD CG N (O O1) OE1 OE2 (OXT O2)
residue GLY C CA N O
residue GLYT C CA N (O O1) (OXT O2)
residue HIS C CA CB CD2 CE1 CG N ND1 NE2 O
residue HIST C CA CB CD2 CE1 CG N ND1 NE2 (O O1) (OXT O2)
residue ILE C CA CB CD1 CG1 CG2 N O
residue ILET C CA CB CD1 CG1 CG2 N (O O1) (OXT O2)
residue LEU C CA CB CD1 CD2 CG N O
residue LEUT C CA CB CD1 CD2 CG N (O O1) (OXT O2)
residue LYS C CA CB CD CE CG N NZ O
residue LYST C CA CB CD CE CG N NZ (O O1) (OXT O2)
residue MET C CA CB CE CG N O SD
residue METT C CA CB CE CG N (O O1) (OXT O2) SD
residue PHE C CA CB CD1 CD2 CE1 CE2 CG CZ N O
residue PHET C CA CB CD1 CD2 CE1 CE2 CG CZ N (O O1) (OXT O2)
residue PRO C CA CB CD CG N O
residue PROT C CA CB CD CG N (O O1) (OXT O2)
residue SER C CA CB N O OG
residue SERT C CA CB N (O O1) OG (OXT O2)
residue THR C CA CB CG2 N O OG1
residue THRT C CA CB CG2 N (O O1) OG1 (OXT O2)
residue TRP C CA CB CD1 CD2 CE2 CE3 CG CH2 CZ2 CZ3 N NE1 O
residue TRPT C CA CB CD1 CD2 CE2 CE3 CG CH2 CZ2 CZ3 N NE1 (O O1) (OXT O2)
residue TYR C CA CB CD1 CD2 CE1 CE2 CG CZ N O OH
residue TYRT C CA CB CD1 CD2 CE1 CE2 CG CZ N (O O1) OH (OXT O2)
residue U C1* C2 C2* C3* C4 C4* C5 C5* C6 N1 N3 O1P O2 O2* O2P O3* O4 O4* O5* P
residue U0P C1* C2 C2* C3* C4 C4* C5 C5* C6 N1 N3 O2 O2* O3* O4 O4* O5*
residue U5 C1* C2 C2* C3* C4 C4* C5 C5* C6 N1 N3 O1P O2 O2* O2P O3* O3P O4 O4* O5* P
residue VAL C CA CB CG1 CG2 N O
residue VALT C CA CB CG1 CG2 N (O O1) (OXT O2)
ignoreRes BGA 
ignoreres BMA 
